Script started on 2026-10-09 12:48:01+07:00 [TERM="dumb" TTY="/dev/pts/0" COLUMNS="145" LINES="43"]
eltex-pg2-v21@eltex-2026-autumn:~$ screen -ls
There is a screen on:

	3202742.eltex-pg2-v21_part2	(10/09/2026 12:47:51 PM)	(Attached)
1 Socket in /run/screen/S-eltex-pg2-v21.

eltex-pg2-v21@eltex-2026-autumn:~$ ls
ls           lsattr       lsb_release  lsfd         lsipc        lslocks      lsmem        lsmount      lsof         lss          lsusb
ls1          lsblk        lscpu        lsinitramfs  lsirq        lslogins     lsmod        lsns         lspci        lst          lsx
eltex-pg2-v21@eltex-2026-autumn:~$ echo $HIST
$HISTCMD       $HISTCONTROL   $HISTFILE      $HISTFILESIZE  $HISTSIZE      
eltex-pg2-v21@eltex-2026-autumn:~$ echo $HISTFILESIZE
2000
eltex-pg2-v21@eltex-2026-autumn:~$ echo $HISTSIZE
1000
eltex-pg2-v21@eltex-2026-autumn:~$ ls -d ~/.*
/home/eltex-pg2-v21/.bash_history
/home/eltex-pg2-v21/.bash_logout
/home/eltex-pg2-v21/.bashrc
/home/eltex-pg2-v21/.config
/home/eltex-pg2-v21/.lesshst
/home/eltex-pg2-v21/.local
/home/eltex-pg2-v21/.profile
/home/eltex-pg2-v21/.ssh
/home/eltex-pg2-v21/.viminfo
eltex-pg2-v21@eltex-2026-autumn:~$ history 10
  313  echo "======================================================================"
  314  ./razdel_2.sh
  315  exit
  316  TERM=dumb script "${USER}_part2.log"
  317  screen -ls
  318  echo $HISTFILESZIE
  319  echo $HISTFILESIZE
  320  echo $HISTSIZE
  321  ls -d ~/.*
  322  history 10
eltex-pg2-v21@eltex-2026-autumn:~$ HISTTIMEFORMAT="%Y-%m-%d %H:%M:%S"
eltex-pg2-v21@eltex-2026-autumn:~$ history 10     
  315  2026-10-09 12:48:01exit
  316  2026-10-09 12:48:01TERM=dumb script "${USER}_part2.log"
  317  2026-10-09 12:48:28screen -ls
  318  2026-10-09 12:49:23echo $HISTFILESZIE
  319  2026-10-09 12:49:40echo $HISTFILESIZE
  320  2026-10-09 12:49:54echo $HISTSIZE
  321  2026-10-09 12:50:29ls -d ~/.*
  322  2026-10-09 12:50:48history 10
  323  2026-10-09 12:51:05HISTTIMEFORMAT="%Y-%m-%d %H:%M:%S"
  324  2026-10-09 12:51:08history 10
eltex-pg2-v21@eltex-2026-autumn:~$ date
Fri Oct  9 12:51:28 PM +07 2026
eltex-pg2-v21@eltex-2026-autumn:~$ history 10
  317  2026-10-09 12:48:28screen -ls
  318  2026-10-09 12:49:23echo $HISTFILESZIE
  319  2026-10-09 12:49:40echo $HISTFILESIZE
  320  2026-10-09 12:49:54echo $HISTSIZE
  321  2026-10-09 12:50:29ls -d ~/.*
  322  2026-10-09 12:50:48history 10
  323  2026-10-09 12:51:05HISTTIMEFORMAT="%Y-%m-%d %H:%M:%S"
  324  2026-10-09 12:51:08history 10
  325  2026-10-09 12:51:28date
  326  2026-10-09 12:51:40history 10
eltex-pg2-v21@eltex-2026-autumn:~$ tail -n 10 ~/.bash_history
echo "создание в домашнем каталоге подкаталоги для каждого месяца текущего года вида YYYY-MM"
#1791524327
echo "---> mkdir -p '\$(date +%Y)'-{01..12}"
#1791524327
mkdir "$(date +%Y)"-{01..12}
#1791524327
echo "======================================================================"
./razdel_2.sh
exit
TERM=dumb script "${USER}_part2.log"
eltex-pg2-v21@eltex-2026-autumn:~$ PROMPT_COMMAND="history -a"
eltex-pg2-v21@eltex-2026-autumn:~$ whoami
eltex-pg2-v21
eltex-pg2-v21@eltex-2026-autumn:~$ history 10
  321  2026-10-09 12:50:29ls -d ~/.*
  322  2026-10-09 12:50:48history 10
  323  2026-10-09 12:51:05HISTTIMEFORMAT="%Y-%m-%d %H:%M:%S"
  324  2026-10-09 12:51:08history 10
  325  2026-10-09 12:51:28date
  326  2026-10-09 12:51:40history 10
  327  2026-10-09 12:52:14tail -n 10 ~/.bash_history
  328  2026-10-09 12:52:29PROMPT_COMMAND="history -a"
  329  2026-10-09 12:52:42whoami
  330  2026-10-09 12:53:06history 10
eltex-pg2-v21@eltex-2026-autumn:~$ tail -n 10 ~/.bash_history
#1791525100
history 10
#1791525134
tail -n 10 ~/.bash_history
#1791525149
PROMPT_COMMAND="history -a"
#1791525162
whoami
#1791525186
history 10
eltex-pg2-v21@eltex-2026-autumn:~$ DATE=$(date +%Y-%m-%d)
eltex-pg2-v21@eltex-2026-autumn:~$ echo "Дата = $DATE"
Дата = 2026-10-09
eltex-pg2-v21@eltex-2026-autumn:~$ TIME=$(date +%H:%M:%S)
eltex-pg2-v21@eltex-2026-autumn:~$ echo "Время = $TIME"
Время = 12:54:02
eltex-pg2-v21@eltex-2026-autumn:~$ DATE_TIME="$DATE $TIME"
eltex-pg2-v21@eltex-2026-autumn:~$ echo "Дата и Время = $DATE_TIME"
Дата и Время = 2026-10-09 12:54:02
eltex-pg2-v21@eltex-2026-autumn:~$ ls -d /bin/*[0-9]* /sbin/*[0-9]*
/bin/addr2line
/bin/b2sum
/bin/base32
/bin/base64
/bin/bunzip2
/bin/bzip2
/bin/bzip2recover
/bin/c89
/bin/c89-gcc
/bin/c99
/bin/c99-gcc
/bin/cpan5.36-x86_64-linux-gnu
/bin/cpp-12
/bin/diff3
/bin/enc2xs
/bin/gcc-12
/bin/gcc-ar-12
/bin/gcc-nm-12
/bin/gcc-ranlib-12
/bin/gcov-12
/bin/gcov-dump-12
/bin/gcov-tool-12
/bin/grub-menulst2cfg
/bin/grub-mkpasswd-pbkdf2
/bin/grub-syslinux2cfg
/bin/h2ph
/bin/h2xs
/bin/i386
/bin/linux32
/bin/linux64
/bin/lto-dump-12
/bin/md5sum
/bin/md5sum.textutils
/bin/pdb3
/bin/pdb3.11
/bin/perl5.36.0
/bin/perl5.36-x86_64-linux-gnu
/bin/ping4
/bin/ping6
/bin/pl2pm
/bin/pod2html
/bin/pod2man
/bin/pod2text
/bin/pod2usage
/bin/py3clean
/bin/py3compile
/bin/py3versions
/bin/pydoc3
/bin/pydoc3.11
/bin/pygettext3
/bin/pygettext3.11
/bin/python3
/bin/python3.11
/bin/sha1sum
/bin/sha224sum
/bin/sha256sum
/bin/sha384sum
/bin/sha512sum
/bin/ssh-argv0
/bin/systemd-id128
/bin/traceroute6
/bin/traceroute6.db
/bin/x86_64
/bin/x86_64-linux-gnu-addr2line
/bin/x86_64-linux-gnu-ar
/bin/x86_64-linux-gnu-as
/bin/x86_64-linux-gnu-c++filt
/bin/x86_64-linux-gnu-cpp
/bin/x86_64-linux-gnu-cpp-12
/bin/x86_64-linux-gnu-dwp
/bin/x86_64-linux-gnu-elfedit
/bin/x86_64-linux-gnu-gcc
/bin/x86_64-linux-gnu-gcc-12
/bin/x86_64-linux-gnu-gcc-ar
/bin/x86_64-linux-gnu-gcc-ar-12
/bin/x86_64-linux-gnu-gcc-nm
/bin/x86_64-linux-gnu-gcc-nm-12
/bin/x86_64-linux-gnu-gcc-ranlib
/bin/x86_64-linux-gnu-gcc-ranlib-12
/bin/x86_64-linux-gnu-gcov
/bin/x86_64-linux-gnu-gcov-12
/bin/x86_64-linux-gnu-gcov-dump
/bin/x86_64-linux-gnu-gcov-dump-12
/bin/x86_64-linux-gnu-gcov-tool
/bin/x86_64-linux-gnu-gcov-tool-12
/bin/x86_64-linux-gnu-gold
/bin/x86_64-linux-gnu-gp-archive
/bin/x86_64-linux-gnu-gp-collect-app
/bin/x86_64-linux-gnu-gp-display-html
/bin/x86_64-linux-gnu-gp-display-src
/bin/x86_64-linux-gnu-gp-display-text
/bin/x86_64-linux-gnu-gprof
/bin/x86_64-linux-gnu-gprofng
/bin/x86_64-linux-gnu-ld
/bin/x86_64-linux-gnu-ld.bfd
/bin/x86_64-linux-gnu-ld.gold
/bin/x86_64-linux-gnu-lto-dump
/bin/x86_64-linux-gnu-lto-dump-12
/bin/x86_64-linux-gnu-nm
/bin/x86_64-linux-gnu-objcopy
/bin/x86_64-linux-gnu-objdump
/bin/x86_64-linux-gnu-ranlib
/bin/x86_64-linux-gnu-readelf
/bin/x86_64-linux-gnu-size
/bin/x86_64-linux-gnu-strings
/bin/x86_64-linux-gnu-strip
/sbin/dumpe2fs
/sbin/e2freefrag
/sbin/e2fsck
/sbin/e2image
/sbin/e2label
/sbin/e2mmpstatus
/sbin/e2scrub
/sbin/e2scrub_all
/sbin/e2undo
/sbin/e4crypt
/sbin/e4defrag
/sbin/fsck.ext2
/sbin/fsck.ext3
/sbin/fsck.ext4
/sbin/killall5
/sbin/mke2fs
/sbin/mkfs.ext2
/sbin/mkfs.ext3
/sbin/mkfs.ext4
/sbin/resize2fs
/sbin/tune2fs
/sbin/update-grub2
eltex-pg2-v21@eltex-2026-autumn:~$ PS1="\u@\h-$(date +%H:%M)> "
eltex-pg2-v21@eltex-2026-autumn-12:55> export PS1
eltex-pg2-v21@eltex-2026-autumn-12:55> bash --norc
eltex-pg2-v21@eltex-2026-autumn-12:55> mkdir "$(date +%Y)"-{01..12}
eltex-pg2-v21@eltex-2026-autumn-12:55> ls
2026-01  2026-03  2026-05  2026-07  2026-09  2026-11  eltex-pg2-v21_part2.log  razdel2	    report_part1.txt
2026-02  2026-04  2026-06  2026-08  2026-10  2026-12  eltex-pg2-v21_part.log   razdel_2.sh  work
eltex-pg2-v21@eltex-2026-autumn-12:55> exit
exit
eltex-pg2-v21@eltex-2026-autumn-12:55> exit
exit

Script done on 2026-10-09 12:56:38+07:00 [COMMAND_EXIT_CODE="0"]
