Script started on 2026-10-09 12:36:04+07:00 [TERM="dumb" TTY="/dev/pts/0" COLUMNS="145" LINES="43"]
eltex-pg2-v21@eltex-2026-autumn:~$ ./razdel_2.sh
======================================================================
screen -S ${USER}_part2
---> screen -ls
There is a screen on:

	3188404.eltex-pg2-v21_part2	(10/09/2026 12:35:38 PM)	(Attached)
1 Socket in /run/screen/S-eltex-pg2-v21.

Успешно создали сессию eltex-pg2-v21_part2
======================================================================
Все команды, которые начинаются на «ls».
---> compgen -c ls | sort -u
ls
lsattr
lsblk
lsb_release
lscpu
lsfd
lsinitramfs
lsipc
lsirq
lslocks
lslogins
lsmem
lsmod
lsns
lsof
lspci
lsusb
======================================================================
Все переменные, которые начинаются с «HIST».
---> compgen -v HIST
HISTCMD
HISTFILE
HISTFILESIZE
HISTSIZE
======================================================================
---> echo $HISTFILESIZE
Количество комманд которые может содержат .bash_history файл: 500.
---> echo $HISTSIZE
Количество комманд которые может содержат КЭШ исстория буффер: 500.
======================================================================
Все файлы и каталоги которые в домашном каталоге начинаются с «.»
---> ls -d ~/.*
/home/eltex-pg2-v21/.bash_history  /home/eltex-pg2-v21/.config	 /home/eltex-pg2-v21/.profile
/home/eltex-pg2-v21/.bash_logout   /home/eltex-pg2-v21/.lesshst  /home/eltex-pg2-v21/.ssh
/home/eltex-pg2-v21/.bashrc	   /home/eltex-pg2-v21/.local	 /home/eltex-pg2-v21/.viminfo
======================================================================
Настройка вывод даты выполнения команд, хранящихся в истории.
===================До==========================
---> history 10
   19  echo "Количество комманд которые может содержат КЭШ исстория буффер: $HISTSIZE."
   20  echo "======================================================================"
   21  echo "Все файлы и каталоги которые в домашном каталоге начинаются с «.»"
   22  echo "---> ls -d ~/.*"
   23  ls -d ~/.*
   24  echo "======================================================================"
   25  echo "Настройка вывод даты выполнения команд, хранящихся в истории."
   26  echo "===================До=========================="
   27  echo "---> history 10"
   28  history 10
---> HISTTIMEFORMAT=%Y-%m-%d %H:%M:%S
==================После========================
---> history 10
   24  ??echo "======================================================================"
   25  ??echo "Настройка вывод даты выполнения команд, хранящихся в истории."
   26  ??echo "===================До=========================="
   27  ??echo "---> history 10"
   28  ??history 10
   29  ??echo "---> HISTTIMEFORMAT="%Y-%m-%d %H:%M:%S""
   30  ??HISTTIMEFORMAT="%Y-%m-%d %H:%M:%S"
   31  2026-10-09 12:36:55echo "==================После========================"
   32  2026-10-09 12:36:55echo "---> history 10"
   33  2026-10-09 12:36:55history 10
======================================================================
Настройка автоматическое сохранение набираемых команд в файле
===================До==========================
---> date
Fri Oct  9 12:36:55 PM +07 2026
Исстория последных 10 комманд данного Терминала
---> history 10
   34  2026-10-09 12:36:55echo "======================================================================"
   35  2026-10-09 12:36:55echo "Настройка автоматическое сохранение набираемых команд в файле"
   36  2026-10-09 12:36:55echo "==============================================="
   37  2026-10-09 12:36:55echo "===================До=========================="
   38  2026-10-09 12:36:55echo "==============================================="
   39  2026-10-09 12:36:55echo "---> date"
   40  2026-10-09 12:36:55date
   41  2026-10-09 12:36:55echo "Исстория последных 10 комманд данного Терминала"
   42  2026-10-09 12:36:55echo "---> history 10"
   43  2026-10-09 12:36:55history 10
Исстория последных 10 комманд .bash_history файла
---> tail -n 10 ~/.bash_history
ls
rmdir 2026*
ls
c
ls
screen -S ${USER}_part2
TERM=dumb script "${USER}_part.log"
./razdel_2.sh
screen -ls
screen -l
===============================================
==================После========================
===============================================
---> PROMPT_COMMAND='history -a'
---> whoami
eltex-pg2-v21
Исстория последных 10 комманд данного Терминала
---> history 10
   47  2026-10-09 12:36:55echo "==============================================="
   48  2026-10-09 12:36:55echo "==================После========================"
   49  2026-10-09 12:36:55echo "==============================================="
   50  2026-10-09 12:36:55echo "---> PROMPT_COMMAND='history -a'"
   51  2026-10-09 12:36:55PROMPT_COMMAND="history -a"
   52  2026-10-09 12:36:55echo "---> whoami"
   53  2026-10-09 12:36:55whoami
   54  2026-10-09 12:36:55echo "Исстория последных 10 комманд данного Терминала"
   55  2026-10-09 12:36:55echo "---> history 10"
   56  2026-10-09 12:36:55history 10
Исстория последных 10 комманд .bash_history файла
---> tail -n 10 ~/.bash_history
ls
rmdir 2026*
ls
c
ls
screen -S ${USER}_part2
TERM=dumb script "${USER}_part.log"
./razdel_2.sh
screen -ls
screen -l
======================================================================
Переменные DATE и TIME
---> DATE=$(date +%Y-%m-%d)
Дата = 2026-10-09
---> TIME=$(date +%H:%M:%S)
Время = 12:36:55
---> DATE_TIME='$DATE $TIME'
Дата и Время = 2026-10-09 12:36:55
======================================================================
Имена файлов, содержащие хотя бы одну цифру, из каталогов /bin и /sbin.
---> ls -d /bin/*[0-9]* /sbin/*[0-9]* 
/bin/addr2line			/bin/md5sum.textutils		 /bin/x86_64-linux-gnu-ar		/bin/x86_64-linux-gnu-lto-dump
/bin/b2sum			/bin/pdb3			 /bin/x86_64-linux-gnu-as		/bin/x86_64-linux-gnu-lto-dump-12
/bin/base32			/bin/pdb3.11			 /bin/x86_64-linux-gnu-c++filt		/bin/x86_64-linux-gnu-nm
/bin/base64			/bin/perl5.36.0			 /bin/x86_64-linux-gnu-cpp		/bin/x86_64-linux-gnu-objcopy
/bin/bunzip2			/bin/perl5.36-x86_64-linux-gnu	 /bin/x86_64-linux-gnu-cpp-12		/bin/x86_64-linux-gnu-objdump
/bin/bzip2			/bin/ping4			 /bin/x86_64-linux-gnu-dwp		/bin/x86_64-linux-gnu-ranlib
/bin/bzip2recover		/bin/ping6			 /bin/x86_64-linux-gnu-elfedit		/bin/x86_64-linux-gnu-readelf
/bin/c89			/bin/pl2pm			 /bin/x86_64-linux-gnu-gcc		/bin/x86_64-linux-gnu-size
/bin/c89-gcc			/bin/pod2html			 /bin/x86_64-linux-gnu-gcc-12		/bin/x86_64-linux-gnu-strings
/bin/c99			/bin/pod2man			 /bin/x86_64-linux-gnu-gcc-ar		/bin/x86_64-linux-gnu-strip
/bin/c99-gcc			/bin/pod2text			 /bin/x86_64-linux-gnu-gcc-ar-12	/sbin/dumpe2fs
/bin/cpan5.36-x86_64-linux-gnu	/bin/pod2usage			 /bin/x86_64-linux-gnu-gcc-nm		/sbin/e2freefrag
/bin/cpp-12			/bin/py3clean			 /bin/x86_64-linux-gnu-gcc-nm-12	/sbin/e2fsck
/bin/diff3			/bin/py3compile			 /bin/x86_64-linux-gnu-gcc-ranlib	/sbin/e2image
/bin/enc2xs			/bin/py3versions		 /bin/x86_64-linux-gnu-gcc-ranlib-12	/sbin/e2label
/bin/gcc-12			/bin/pydoc3			 /bin/x86_64-linux-gnu-gcov		/sbin/e2mmpstatus
/bin/gcc-ar-12			/bin/pydoc3.11			 /bin/x86_64-linux-gnu-gcov-12		/sbin/e2scrub
/bin/gcc-nm-12			/bin/pygettext3			 /bin/x86_64-linux-gnu-gcov-dump	/sbin/e2scrub_all
/bin/gcc-ranlib-12		/bin/pygettext3.11		 /bin/x86_64-linux-gnu-gcov-dump-12	/sbin/e2undo
/bin/gcov-12			/bin/python3			 /bin/x86_64-linux-gnu-gcov-tool	/sbin/e4crypt
/bin/gcov-dump-12		/bin/python3.11			 /bin/x86_64-linux-gnu-gcov-tool-12	/sbin/e4defrag
/bin/gcov-tool-12		/bin/sha1sum			 /bin/x86_64-linux-gnu-gold		/sbin/fsck.ext2
/bin/grub-menulst2cfg		/bin/sha224sum			 /bin/x86_64-linux-gnu-gp-archive	/sbin/fsck.ext3
/bin/grub-mkpasswd-pbkdf2	/bin/sha256sum			 /bin/x86_64-linux-gnu-gp-collect-app	/sbin/fsck.ext4
/bin/grub-syslinux2cfg		/bin/sha384sum			 /bin/x86_64-linux-gnu-gp-display-html	/sbin/killall5
/bin/h2ph			/bin/sha512sum			 /bin/x86_64-linux-gnu-gp-display-src	/sbin/mke2fs
/bin/h2xs			/bin/ssh-argv0			 /bin/x86_64-linux-gnu-gp-display-text	/sbin/mkfs.ext2
/bin/i386			/bin/systemd-id128		 /bin/x86_64-linux-gnu-gprof		/sbin/mkfs.ext3
/bin/linux32			/bin/traceroute6		 /bin/x86_64-linux-gnu-gprofng		/sbin/mkfs.ext4
/bin/linux64			/bin/traceroute6.db		 /bin/x86_64-linux-gnu-ld		/sbin/resize2fs
/bin/lto-dump-12		/bin/x86_64			 /bin/x86_64-linux-gnu-ld.bfd		/sbin/tune2fs
/bin/md5sum			/bin/x86_64-linux-gnu-addr2line  /bin/x86_64-linux-gnu-ld.gold		/sbin/update-grub2
ИЛИ
---> ls /bin /sbin | grep '[0-9]'
addr2line
b2sum
base32
base64
bunzip2
bzip2
bzip2recover
c89
c89-gcc
c99
c99-gcc
cpan5.36-x86_64-linux-gnu
cpp-12
diff3
enc2xs
gcc-12
gcc-ar-12
gcc-nm-12
gcc-ranlib-12
gcov-12
gcov-dump-12
gcov-tool-12
grub-menulst2cfg
grub-mkpasswd-pbkdf2
grub-syslinux2cfg
h2ph
h2xs
i386
linux32
linux64
lto-dump-12
md5sum
md5sum.textutils
pdb3
pdb3.11
perl5.36.0
perl5.36-x86_64-linux-gnu
ping4
ping6
pl2pm
pod2html
pod2man
pod2text
pod2usage
py3clean
py3compile
py3versions
pydoc3
pydoc3.11
pygettext3
pygettext3.11
python3
python3.11
sha1sum
sha224sum
sha256sum
sha384sum
sha512sum
ssh-argv0
systemd-id128
traceroute6
traceroute6.db
x86_64
x86_64-linux-gnu-addr2line
x86_64-linux-gnu-ar
x86_64-linux-gnu-as
x86_64-linux-gnu-c++filt
x86_64-linux-gnu-cpp
x86_64-linux-gnu-cpp-12
x86_64-linux-gnu-dwp
x86_64-linux-gnu-elfedit
x86_64-linux-gnu-gcc
x86_64-linux-gnu-gcc-12
x86_64-linux-gnu-gcc-ar
x86_64-linux-gnu-gcc-ar-12
x86_64-linux-gnu-gcc-nm
x86_64-linux-gnu-gcc-nm-12
x86_64-linux-gnu-gcc-ranlib
x86_64-linux-gnu-gcc-ranlib-12
x86_64-linux-gnu-gcov
x86_64-linux-gnu-gcov-12
x86_64-linux-gnu-gcov-dump
x86_64-linux-gnu-gcov-dump-12
x86_64-linux-gnu-gcov-tool
x86_64-linux-gnu-gcov-tool-12
x86_64-linux-gnu-gold
x86_64-linux-gnu-gp-archive
x86_64-linux-gnu-gp-collect-app
x86_64-linux-gnu-gp-display-html
x86_64-linux-gnu-gp-display-src
x86_64-linux-gnu-gp-display-text
x86_64-linux-gnu-gprof
x86_64-linux-gnu-gprofng
x86_64-linux-gnu-ld
x86_64-linux-gnu-ld.bfd
x86_64-linux-gnu-ld.gold
x86_64-linux-gnu-lto-dump
x86_64-linux-gnu-lto-dump-12
x86_64-linux-gnu-nm
x86_64-linux-gnu-objcopy
x86_64-linux-gnu-objdump
x86_64-linux-gnu-ranlib
x86_64-linux-gnu-readelf
x86_64-linux-gnu-size
x86_64-linux-gnu-strings
x86_64-linux-gnu-strip
dumpe2fs
e2freefrag
e2fsck
e2image
e2label
e2mmpstatus
e2scrub
e2scrub_all
e2undo
e4crypt
e4defrag
fsck.ext2
fsck.ext3
fsck.ext4
killall5
mke2fs
mkfs.ext2
mkfs.ext3
mkfs.ext4
resize2fs
tune2fs
update-grub2
======================================================================
Измениние приглашение на имя_пользователя@имя_хоста-HH:MM>
---> PS1='\u@\h-$(date +%H:%M)> \'
---> export PS1
---> bash --norc
eltex-pg2-v21@eltex-2026-autumn-12:36> echo "======================================================================"
======================================================================
eltex-pg2-v21@eltex-2026-autumn-12:36> 
<каталоги для каждого месяца текущего года вида YYYY-MM"
создание в домашнем каталоге подкаталоги для каждого месяца текущего года вида YYYY-MM
eltex-pg2-v21@eltex-2026-autumn-12:36> mkdir "$(date +%Y)"-{01..12}
eltex-pg2-v21@eltex-2026-autumn-12:36> ls -1
2026-01
2026-02
2026-03
2026-04
2026-05
2026-06
2026-07
2026-08
2026-09
2026-10
2026-11
2026-12
eltex-pg2-v21_part2.log
razdel2
razdel_2.sh
report_part1.txt
work
eltex-pg2-v21@eltex-2026-autumn-12:36> exit
exit
======================================================================
создание в домашнем каталоге подкаталоги для каждого месяца текущего года вида YYYY-MM
---> mkdir -p '$(date +%Y)'-{01..12}
mkdir: cannot create directory ‘2026-01’: File exists
mkdir: cannot create directory ‘2026-02’: File exists
mkdir: cannot create directory ‘2026-03’: File exists
mkdir: cannot create directory ‘2026-04’: File exists
mkdir: cannot create directory ‘2026-05’: File exists
mkdir: cannot create directory ‘2026-06’: File exists
mkdir: cannot create directory ‘2026-07’: File exists
mkdir: cannot create directory ‘2026-08’: File exists
mkdir: cannot create directory ‘2026-09’: File exists
mkdir: cannot create directory ‘2026-10’: File exists
mkdir: cannot create directory ‘2026-11’: File exists
mkdir: cannot create directory ‘2026-12’: File exists
======================================================================
eltex-pg2-v21@eltex-2026-autumn:~$ exit
exit

Script done on 2026-10-09 12:39:09+07:00 [COMMAND_EXIT_CODE="0"]
